// Jest Snapshot v1, https://goo.gl/fbAQLP

exports[`FilmList correctly renders after relaunch 1`] = `null`;
