// Jest Snapshot v1, https://goo.gl/fbAQLP

exports[`ReviewPage correctly renders after relaunch 1`] = `
<section
  className="movie-card movie-card--full"
>
  <div
    className="movie-card__header"
  >
    <div
      className="movie-card__bg"
    >
      <img />
    </div>
    <h1
      className="visually-hidden"
    >
      WTW
    </h1>
    <header
      className="page-header "
    >
      <div
        className="logo"
      >
        <a
          className="logo__link"
          href="/"
          onClick={[Function]}
        >
          <span
            className="logo__letter logo__letter--1"
          >
            W
          </span>
          <span
            className="logo__letter logo__letter--2"
          >
            T
          </span>
          <span
            className="logo__letter logo__letter--3"
          >
            W
          </span>
        </a>
      </div>
      <nav
        className="breadcrumbs"
      >
        <ul
          className="breadcrumbs__list"
        >
          <li
            className="breadcrumbs__item"
          >
            <a
              className="breadcrumbs__link"
              href="/films/undefined"
              onClick={[Function]}
            />
          </li>
          <li
            className="breadcrumbs__item"
          >
            <a
              className="breadcrumbs__link"
            >
              Add review
            </a>
          </li>
        </ul>
      </nav>
      <div
        className="user-block"
      >
        <div
          className="user-block__avatar"
        >
          <a
            href="/mylist"
            onClick={[Function]}
          >
            <img
              alt="User avatar"
              height="63"
              src=""
              width="63"
            />
          </a>
        </div>
      </div>
    </header>
    <div
      className="movie-card__poster movie-card__poster--small"
    >
      <img
        height="327"
        width="218"
      />
    </div>
  </div>
  <div
    className="add-review"
  >
    <form
      action="#"
      className="add-review__form"
      onSubmit={[MockFunction]}
    >
      <div
        className="rating"
      >
        <div
          className="rating__stars"
        >
          <input
            className="rating__input"
            id="star-1"
            name="rating"
            type="radio"
            value="1"
          />
          <label
            className="rating__label"
            forhtml="star-1"
            onClick={[MockFunction]}
          >
            Rating 1
          </label>
          <input
            className="rating__input"
            id="star-2"
            name="rating"
            type="radio"
            value="2"
          />
          <label
            className="rating__label"
            forhtml="star-2"
            onClick={[MockFunction]}
          >
            Rating 2
          </label>
          <input
            className="rating__input"
            id="star-3"
            name="rating"
            type="radio"
            value="3"
          />
          <label
            className="rating__label"
            forhtml="star-3"
            onClick={[MockFunction]}
          >
            Rating 3
          </label>
          <input
            className="rating__input"
            id="star-4"
            name="rating"
            type="radio"
            value="4"
          />
          <label
            className="rating__label"
            forhtml="star-4"
            onClick={[MockFunction]}
          >
            Rating 4
          </label>
          <input
            className="rating__input"
            id="star-5"
            name="rating"
            type="radio"
            value="5"
          />
          <label
            className="rating__label"
            forhtml="star-5"
            onClick={[MockFunction]}
          >
            Rating 5
          </label>
        </div>
      </div>
      <div
        className="add-review__text"
      >
        <textarea
          className="add-review__textarea"
          id="review-text"
          maxLength="400"
          minLength="50"
          name="review-text"
          onChange={[MockFunction]}
          placeholder="Review text"
          value=""
        />
        <div
          className="add-review__submit"
        >
          <button
            className="add-review__btn"
            disabled=""
            type="submit"
          >
            Post
          </button>
        </div>
      </div>
    </form>
  </div>
</section>
`;
