// Jest Snapshot v1, https://goo.gl/fbAQLP

exports[`Video player correctly renders after relaunch 1`] = `
<video
  height="175"
  poster=""
  width="280"
/>
`;
